

HI-TECH Software PIC LITE Macro Assembler V9.81 build 7503 
                                                                                               Wed Aug 21 12:35:49 2019

HI-TECH Software Omniscient Code Generator (Lite mode) build 7503
     1  0000                     opt subtitle "HI-TECH Software Omniscient Code Generator (Lite mode) build 7503"
     2                           
     3                           opt pagewidth 120
     4                           
     5                           	opt lm
     6                           
     7                           	processor	16F877A
     8                           clrc	macro
     9                           	bcf	3,0
    10  0000                     	endm
    11                           clrz	macro
    12                           	bcf	3,2
    13  0000                     	endm
    14                           setc	macro
    15                           	bsf	3,0
    16  0000                     	endm
    17                           setz	macro
    18                           	bsf	3,2
    19  0000                     	endm
    20                           skipc	macro
    21                           	btfss	3,0
    22  0000                     	endm
    23                           skipz	macro
    24                           	btfss	3,2
    25  0000                     	endm
    26                           skipnc	macro
    27                           	btfsc	3,0
    28  0000                     	endm
    29                           skipnz	macro
    30                           	btfsc	3,2
    31  0000                     	endm
    32  0000                     indf	equ	0
    33  0000                     indf0	equ	0
    34  0002                     pc	equ	2
    35  0002                     pcl	equ	2
    36  0003                     status	equ	3
    37  0004                     fsr	equ	4
    38  0004                     fsr0	equ	4
    39  0001                     c	equ	1
    40  0000                     z	equ	0
    41  000A                     pclath	equ	10
    42                           # 3 "C:\Users\kaVi_aBi\Desktop\New folder\embedded c\led999.c"
    43                           	psect config,class=CONFIG,delta=2 ;#
    44                           # 3 "C:\Users\kaVi_aBi\Desktop\New folder\embedded c\led999.c"
    45  2007  FF7A               	dw 0xFFFE & 0xFFFB & 0xFFFF & 0xFFFF & 0xFF7F ;#
    46                           	FNCALL	_main,_delay
    47                           	FNROOT	_main
    48                           	global	main@F1093
    49                           psect	idataBANK0,class=CODE,space=0,delta=2
    50                           global __pidataBANK0
    51  06B6                     __pidataBANK0:
    52                           	file	"C:\Users\kaVi_aBi\Desktop\New folder\embedded c\led999.c"
    53                           	line	16
    54                           
    55                           ;initializer for main@F1093
    56  06B6  34FC               	retlw	0FCh
    57  06B7  3460               	retlw	060h
    58  06B8  34DA               	retlw	0DAh
    59  06B9  34F2               	retlw	0F2h
    60  06BA  3466               	retlw	066h
    61  06BB  34B6               	retlw	0B6h
    62  06BC  34BE               	retlw	0BEh
    63  06BD  34E0               	retlw	0E0h
    64  06BE  34FE               	retlw	0FEh
    65  06BF  34E6               	retlw	0E6h
    66                           	global	_PORTD
    67  0008                     _PORTD	set	8
    68                           	global	_RC0
    69  0038                     _RC0	set	56
    70                           	global	_RC1
    71  0039                     _RC1	set	57
    72                           	global	_RC2
    73  003A                     _RC2	set	58
    74                           	global	_TRISD
    75  0088                     _TRISD	set	136
    76                           	global	_TRISC0
    77  0438                     _TRISC0	set	1080
    78                           	global	_TRISC1
    79  0439                     _TRISC1	set	1081
    80                           	global	_TRISC2
    81  043A                     _TRISC2	set	1082
    82                           	file	"led31.as"
    83                           	line	#
    84                           psect cinit,class=CODE,delta=2
    85                           global start_initialization
    86  06D1                     start_initialization:
    87                           
    88                           psect	dataBANK0,class=BANK0,space=1
    89                           global __pdataBANK0
    90  0032                     __pdataBANK0:
    91                           	file	"C:\Users\kaVi_aBi\Desktop\New folder\embedded c\led999.c"
    92  0032                     main@F1093:
    93  0032                            ds      10
    94                           
    95                           global btemp
    96                           psect inittext,class=CODE,delta=2
    97                           global init_fetch,btemp
    98                           ;	Called with low address in FSR and high address in W
    99  06C0                     init_fetch:
   100  06C0  087E               	movf btemp,w
   101  06C1  008A               	movwf pclath
   102  06C2  087F               	movf btemp+1,w
   103  06C3  0082               	movwf pc
   104                           global init_ram
   105                           ;Called with:
   106                           ;	high address of idata address in btemp 
   107                           ;	low address of idata address in btemp+1 
   108                           ;	low address of data in FSR
   109                           ;	high address + 1 of data in btemp-1
   110  06C4                     init_ram:
   111  06C4  26C0  120A  118A   	fcall init_fetch
   112  06C7  0080               	movwf indf,f
   113  06C8  0A84               	incf fsr,f
   114  06C9  0804               	movf fsr,w
   115  06CA  067D               	xorwf btemp-1,w
   116  06CB  1903               	btfsc status,2
   117  06CC  3400               	retlw 0
   118  06CD  0AFF               	incf btemp+1,f
   119  06CE  1903               	btfsc status,2
   120  06CF  0AFE               	incf btemp,f
   121  06D0  2EC4               	goto init_ram
   122                           ; Initialize objects allocated to BANK0
   123                           psect cinit,class=CODE,delta=2
   124                           global init_ram, __pidataBANK0
   125  06D1  1383               	bcf	status, 7	;select IRP bank0
   126  06D2  303C               	movlw low(__pdataBANK0+10)
   127  06D3  00FD               	movwf btemp-1,f
   128  06D4  3006               	movlw high(__pidataBANK0)
   129  06D5  00FE               	movwf btemp,f
   130  06D6  30B6               	movlw low(__pidataBANK0)
   131  06D7  00FF               	movwf btemp+1,f
   132  06D8  3032               	movlw low(__pdataBANK0)
   133  06D9  0084               	movwf fsr,f
   134  06DA  120A  118A  26C4   	fcall init_ram
              120A  118A         
   135                           psect cinit,class=CODE,delta=2
   136                           global end_of_initialization
   137                           
   138                           ;End of C runtime variable initialization code
   139                           
   140  06DF                     end_of_initialization:
   141  06DF  0183               clrf status
   142  06E0  120A  118A  2F0B   ljmp _main	;jump to C main() function
   143                           psect	cstackCOMMON,class=COMMON,space=1
   144                           global __pcstackCOMMON
   145  0070                     __pcstackCOMMON:
   146                           	global	?_delay
   147  0070                     ?_delay:	; 0 bytes @ 0x0
   148                           	global	??_delay
   149  0070                     ??_delay:	; 0 bytes @ 0x0
   150                           	global	?_main
   151  0070                     ?_main:	; 2 bytes @ 0x0
   152                           	global	delay@j
   153  0070                     delay@j:	; 2 bytes @ 0x0
   154  0070                     	ds	2
   155                           	global	??_main
   156  0072                     ??_main:	; 0 bytes @ 0x2
   157  0072                     	ds	4
   158                           psect	cstackBANK0,class=BANK0,space=1
   159                           global __pcstackBANK0
   160  0020                     __pcstackBANK0:
   161                           	global	main@a
   162  0020                     main@a:	; 10 bytes @ 0x0
   163  0020                     	ds	10
   164                           	global	main@l
   165  002A                     main@l:	; 2 bytes @ 0xA
   166  002A                     	ds	2
   167                           	global	main@i
   168  002C                     main@i:	; 2 bytes @ 0xC
   169  002C                     	ds	2
   170                           	global	main@j
   171  002E                     main@j:	; 2 bytes @ 0xE
   172  002E                     	ds	2
   173                           	global	main@k
   174  0030                     main@k:	; 2 bytes @ 0x10
   175  0030                     	ds	2
   176 ;;Data sizes: Strings 0, constant 0, data 10, bss 0, persistent 0 stack 0
   177 ;;Auto spaces:   Size  Autos    Used
   178 ;; COMMON          14      6       6
   179 ;; BANK0           80     18      28
   180 ;; BANK1           80      0       0
   181 ;; BANK3           96      0       0
   182 ;; BANK2           96      0       0
   183                           
   184 ;;
   185 ;; Pointer list with targets:
   186                           
   187                           
   188                           
   189 ;;
   190 ;; Critical Paths under _main in COMMON
   191 ;;
   192 ;;   _main->_delay
   193 ;;
   194 ;; Critical Paths under _main in BANK0
   195 ;;
   196 ;;   None.
   197 ;;
   198 ;; Critical Paths under _main in BANK1
   199 ;;
   200 ;;   None.
   201 ;;
   202 ;; Critical Paths under _main in BANK3
   203 ;;
   204 ;;   None.
   205 ;;
   206 ;; Critical Paths under _main in BANK2
   207 ;;
   208 ;;   None.
   209                           
   210 ;;
   211 ;;Main: autosize = 0, tempsize = 4, incstack = 0, save=0
   212 ;;
   213                           
   214 ;;
   215 ;;Call Graph Tables:
   216 ;;
   217 ;; ---------------------------------------------------------------------------------
   218 ;; (Depth) Function   	        Calls       Base Space   Used Autos Params    Refs
   219 ;; ---------------------------------------------------------------------------------
   220 ;; (0) _main                                                22    22      0     366
   221 ;;                                              2 COMMON     4     4      0
   222 ;;                                              0 BANK0     18    18      0
   223 ;;                              _delay
   224 ;; ---------------------------------------------------------------------------------
   225 ;; (1) _delay                                                2     2      0      46
   226 ;;                                              0 COMMON     2     2      0
   227 ;; ---------------------------------------------------------------------------------
   228 ;; Estimated maximum stack depth 1
   229 ;; ---------------------------------------------------------------------------------
   230                           
   231 ;; Call Graph Graphs:
   232                           
   233 ;; _main (ROOT)
   234 ;;   _delay
   235 ;;
   236                           
   237 ;; Address spaces:
   238                           
   239 ;;Name               Size   Autos  Total    Cost      Usage
   240 ;;BANK3               60      0       0       9        0.0%
   241 ;;BITBANK3            60      0       0       8        0.0%
   242 ;;SFR3                 0      0       0       4        0.0%
   243 ;;BITSFR3              0      0       0       4        0.0%
   244 ;;BANK2               60      0       0      11        0.0%
   245 ;;BITBANK2            60      0       0      10        0.0%
   246 ;;SFR2                 0      0       0       5        0.0%
   247 ;;BITSFR2              0      0       0       5        0.0%
   248 ;;SFR1                 0      0       0       2        0.0%
   249 ;;BITSFR1              0      0       0       2        0.0%
   250 ;;BANK1               50      0       0       7        0.0%
   251 ;;BITBANK1            50      0       0       6        0.0%
   252 ;;CODE                 0      0       0       0        0.0%
   253 ;;DATA                 0      0      23      12        0.0%
   254 ;;ABS                  0      0      22       3        0.0%
   255 ;;NULL                 0      0       0       0        0.0%
   256 ;;STACK                0      0       1       2        0.0%
   257 ;;BANK0               50     12      1C       5       35.0%
   258 ;;BITBANK0            50      0       0       4        0.0%
   259 ;;SFR0                 0      0       0       1        0.0%
   260 ;;BITSFR0              0      0       0       1        0.0%
   261 ;;COMMON               E      6       6       1       42.9%
   262 ;;BITCOMMON            E      0       0       0        0.0%
   263 ;;EEDATA             100      0       0       0        0.0%
   264                           
   265                           	global	_main
   266                           psect	maintext,global,class=CODE,delta=2
   267                           global __pmaintext
   268  070B                     __pmaintext:
   269                           
   270 ;; *************** function _main *****************
   271 ;; Defined at:
   272 ;;		line 10 in file "C:\Users\kaVi_aBi\Desktop\New folder\embedded c\led999.c"
   273 ;; Parameters:    Size  Location     Type
   274 ;;		None
   275 ;; Auto vars:     Size  Location     Type
   276 ;;  a              10    0[BANK0 ] unsigned char [10]
   277 ;;  k               2   16[BANK0 ] int 
   278 ;;  j               2   14[BANK0 ] int 
   279 ;;  i               2   12[BANK0 ] int 
   280 ;;  l               2   10[BANK0 ] int 
   281 ;; Return value:  Size  Location     Type
   282 ;;                  2  686[COMMON] int 
   283 ;; Registers used:
   284 ;;		wreg, fsr0l, fsr0h, status,2, status,0, btemp+1, pclath, cstack
   285 ;; Tracked objects:
   286 ;;		On entry : 17F/0
   287 ;;		On exit  : 0/0
   288 ;;		Unchanged: 0/0
   289 ;; Data sizes:     COMMON   BANK0   BANK1   BANK3   BANK2
   290 ;;      Params:         0       0       0       0       0
   291 ;;      Locals:         0      18       0       0       0
   292 ;;      Temps:          4       0       0       0       0
   293 ;;      Totals:         4      18       0       0       0
   294 ;;Total ram usage:       22 bytes
   295 ;; Hardware stack levels required when called:    1
   296 ;; This function calls:
   297 ;;		_delay
   298 ;; This function is called by:
   299 ;;		Startup code after reset
   300 ;; This function uses a non-reentrant model
   301 ;;
   302                           psect	maintext
   303                           	file	"C:\Users\kaVi_aBi\Desktop\New folder\embedded c\led999.c"
   304                           	line	10
   305                           	global	__size_of_main
   306  00F5                     	__size_of_main	equ	__end_of_main-_main
   307                           	
   308  070B                     _main:	
   309                           	opt	stack 7
   310                           ; Regs used in _main: [wreg-fsr0h+status,2+status,0+btemp+1+pclath+cstack]
   311                           	line	11
   312                           	
   313  070B                     l1932:	
   314                           ;led999.c: 11: TRISD=0;
   315  070B  1683               	bsf	status, 5	;RP0=1, select bank1
   316  070C  1303               	bcf	status, 6	;RP1=0, select bank1
   317  070D  0188               	clrf	(136)^080h	;volatile
   318                           	line	12
   319                           	
   320  070E                     l1934:	
   321                           ;led999.c: 12: TRISC0=0;
   322  070E  1007               	bcf	(1080/8)^080h,(1080)&7
   323                           	line	13
   324                           	
   325  070F                     l1936:	
   326                           ;led999.c: 13: TRISC1=0;
   327  070F  1087               	bcf	(1081/8)^080h,(1081)&7
   328                           	line	14
   329                           	
   330  0710                     l1938:	
   331                           ;led999.c: 14: TRISC2=0;
   332  0710  1107               	bcf	(1082/8)^080h,(1082)&7
   333                           	line	16
   334                           	
   335  0711                     l1940:	
   336                           ;led999.c: 15: int i,j,k,l;
   337                           ;led999.c: 16: char a[] = {0XFC,0X60,0XDA,0XF2,0X66,0XB6,0XBE,0XE0,0XFE,0XE6};
   338  0711  3020               	movlw	(main@a)&0ffh
   339  0712  0084               	movwf	fsr0
   340  0713  3032               	movlw	low(main@F1093)
   341  0714  00F2               	movwf	(??_main+0)+0
   342  0715  0804               	movf	fsr0,w
   343  0716  00F3               	movwf	((??_main+0)+0+1)
   344  0717  300A               	movlw	10
   345  0718  00F4               	movwf	((??_main+0)+0+2)
   346  0719                     u2270:
   347  0719  0872               	movf	(??_main+0)+0,w
   348  071A  0084               	movwf	fsr0
   349  071B  1383               	bcf	status, 7	;select IRP bank0
   350                           	
   351  071C  0800               	movf	indf,w
   352  071D  00F5               	movwf	((??_main+0)+0+3)
   353  071E  0AF2               	incf	(??_main+0)+0,f
   354  071F  0873               	movf	((??_main+0)+0+1),w
   355  0720  0084               	movwf	fsr0
   356                           	
   357  0721  0875               	movf	((??_main+0)+0+3),w
   358  0722  0080               	movwf	indf
   359  0723  0AF3               	incf	((??_main+0)+0+1),f
   360  0724  0BF4               	decfsz	((??_main+0)+0+2),f
   361  0725  2F19               	goto	u2270
   362  0726  2F27               	goto	l1942
   363                           	line	17
   364                           ;led999.c: 17: while(1)
   365                           	
   366  0727                     l689:	
   367                           	line	19
   368                           	
   369  0727                     l1942:	
   370                           ;led999.c: 18: {
   371                           ;led999.c: 19: for(i=0; i<10;i++)
   372  0727  1283               	bcf	status, 5	;RP0=0, select bank0
   373  0728  1303               	bcf	status, 6	;RP1=0, select bank0
   374  0729  01AC               	clrf	(main@i)
   375  072A  01AD               	clrf	(main@i+1)
   376                           	
   377  072B                     l1944:	
   378  072B  082D               	movf	(main@i+1),w
   379  072C  3A80               	xorlw	80h
   380  072D  00FF               	movwf	btemp+1
   381  072E  3080               	movlw	(high(0Ah))^80h
   382  072F  027F               	subwf	btemp+1,w
   383  0730  1D03               	skipz
   384  0731  2F34               	goto	u2285
   385  0732  300A               	movlw	low(0Ah)
   386  0733  022C               	subwf	(main@i),w
   387  0734                     u2285:
   388                           
   389  0734  1C03               	skipc
   390  0735  2F37               	goto	u2281
   391  0736  2F38               	goto	u2280
   392  0737                     u2281:
   393  0737  2F3A               	goto	l1948
   394  0738                     u2280:
   395  0738  2F27               	goto	l1942
   396                           	
   397  0739                     l1946:	
   398  0739  2F27               	goto	l1942
   399                           	line	20
   400                           	
   401  073A                     l690:	
   402                           	
   403  073A                     l1948:	
   404                           ;led999.c: 20: for(j=0; j<10; j++)
   405  073A  1283               	bcf	status, 5	;RP0=0, select bank0
   406  073B  1303               	bcf	status, 6	;RP1=0, select bank0
   407  073C  01AE               	clrf	(main@j)
   408  073D  01AF               	clrf	(main@j+1)
   409                           	
   410  073E                     l1950:	
   411  073E  082F               	movf	(main@j+1),w
   412  073F  3A80               	xorlw	80h
   413  0740  00FF               	movwf	btemp+1
   414  0741  3080               	movlw	(high(0Ah))^80h
   415  0742  027F               	subwf	btemp+1,w
   416  0743  1D03               	skipz
   417  0744  2F47               	goto	u2295
   418  0745  300A               	movlw	low(0Ah)
   419  0746  022E               	subwf	(main@j),w
   420  0747                     u2295:
   421                           
   422  0747  1C03               	skipc
   423  0748  2F4A               	goto	u2291
   424  0749  2F4B               	goto	u2290
   425  074A                     u2291:
   426  074A  2F4D               	goto	l1954
   427  074B                     u2290:
   428  074B  2FE5               	goto	l2000
   429                           	
   430  074C                     l1952:	
   431  074C  2FE5               	goto	l2000
   432                           	line	21
   433                           	
   434  074D                     l692:	
   435                           	
   436  074D                     l1954:	
   437                           ;led999.c: 21: for(k=0; k<=10; k++)
   438  074D  1283               	bcf	status, 5	;RP0=0, select bank0
   439  074E  1303               	bcf	status, 6	;RP1=0, select bank0
   440  074F  01B0               	clrf	(main@k)
   441  0750  01B1               	clrf	(main@k+1)
   442                           	
   443  0751                     l1956:	
   444  0751  0831               	movf	(main@k+1),w
   445  0752  3A80               	xorlw	80h
   446  0753  00FF               	movwf	btemp+1
   447  0754  3080               	movlw	(high(0Bh))^80h
   448  0755  027F               	subwf	btemp+1,w
   449  0756  1D03               	skipz
   450  0757  2F5A               	goto	u2305
   451  0758  300B               	movlw	low(0Bh)
   452  0759  0230               	subwf	(main@k),w
   453  075A                     u2305:
   454                           
   455  075A  1C03               	skipc
   456  075B  2F5D               	goto	u2301
   457  075C  2F5E               	goto	u2300
   458  075D                     u2301:
   459  075D  2F60               	goto	l1960
   460  075E                     u2300:
   461  075E  2FCF               	goto	l1996
   462                           	
   463  075F                     l1958:	
   464  075F  2FCF               	goto	l1996
   465                           	line	22
   466                           	
   467  0760                     l694:	
   468                           	
   469  0760                     l1960:	
   470                           ;led999.c: 22: for(l=0; l<10; l++)
   471  0760  1283               	bcf	status, 5	;RP0=0, select bank0
   472  0761  1303               	bcf	status, 6	;RP1=0, select bank0
   473  0762  01AA               	clrf	(main@l)
   474  0763  01AB               	clrf	(main@l+1)
   475                           	
   476  0764                     l1962:	
   477  0764  082B               	movf	(main@l+1),w
   478  0765  3A80               	xorlw	80h
   479  0766  00FF               	movwf	btemp+1
   480  0767  3080               	movlw	(high(0Ah))^80h
   481  0768  027F               	subwf	btemp+1,w
   482  0769  1D03               	skipz
   483  076A  2F6D               	goto	u2315
   484  076B  300A               	movlw	low(0Ah)
   485  076C  022A               	subwf	(main@l),w
   486  076D                     u2315:
   487                           
   488  076D  1C03               	skipc
   489  076E  2F70               	goto	u2311
   490  076F  2F71               	goto	u2310
   491  0770                     u2311:
   492  0770  2F73               	goto	l696
   493  0771                     u2310:
   494  0771  2FB9               	goto	l1992
   495                           	
   496  0772                     l1964:	
   497  0772  2FB9               	goto	l1992
   498                           	line	23
   499                           	
   500  0773                     l696:	
   501                           	line	24
   502                           ;led999.c: 23: {
   503                           ;led999.c: 24: RC0=1;
   504  0773  1283               	bcf	status, 5	;RP0=0, select bank0
   505  0774  1303               	bcf	status, 6	;RP1=0, select bank0
   506  0775  1407               	bsf	(56/8),(56)&7
   507                           	line	25
   508                           ;led999.c: 25: RC1=0;
   509  0776  1087               	bcf	(57/8),(57)&7
   510                           	line	26
   511                           ;led999.c: 26: RC2=0;
   512  0777  1107               	bcf	(58/8),(58)&7
   513                           	line	27
   514                           	
   515  0778                     l1966:	
   516                           ;led999.c: 27: PORTD=a[k];
   517  0778  0830               	movf	(main@k),w
   518  0779  3E20               	addlw	main@a&0ffh
   519  077A  0084               	movwf	fsr0
   520  077B  1383               	bcf	status, 7	;select IRP bank0
   521  077C  0800               	movf	indf,w
   522  077D  0088               	movwf	(8)	;volatile
   523                           	line	28
   524                           	
   525  077E                     l1968:	
   526                           ;led999.c: 28: delay();
   527  077E  120A  118A  26E3   	fcall	_delay
              120A  118A         
   528                           	line	29
   529                           	
   530  0783                     l1970:	
   531                           ;led999.c: 29: RC0=0;
   532  0783  1283               	bcf	status, 5	;RP0=0, select bank0
   533  0784  1303               	bcf	status, 6	;RP1=0, select bank0
   534  0785  1007               	bcf	(56/8),(56)&7
   535                           	line	30
   536                           	
   537  0786                     l1972:	
   538                           ;led999.c: 30: RC1=1;
   539  0786  1487               	bsf	(57/8),(57)&7
   540                           	line	31
   541                           	
   542  0787                     l1974:	
   543                           ;led999.c: 31: RC2=0;
   544  0787  1107               	bcf	(58/8),(58)&7
   545                           	line	32
   546                           	
   547  0788                     l1976:	
   548                           ;led999.c: 32: PORTD=a[j];
   549  0788  082E               	movf	(main@j),w
   550  0789  3E20               	addlw	main@a&0ffh
   551  078A  0084               	movwf	fsr0
   552  078B  1383               	bcf	status, 7	;select IRP bank0
   553  078C  0800               	movf	indf,w
   554  078D  0088               	movwf	(8)	;volatile
   555                           	line	33
   556                           ;led999.c: 33: delay();
   557  078E  120A  118A  26E3   	fcall	_delay
              120A  118A         
   558                           	line	34
   559                           	
   560  0793                     l1978:	
   561                           ;led999.c: 34: RC0=0;
   562  0793  1283               	bcf	status, 5	;RP0=0, select bank0
   563  0794  1303               	bcf	status, 6	;RP1=0, select bank0
   564  0795  1007               	bcf	(56/8),(56)&7
   565                           	line	35
   566                           	
   567  0796                     l1980:	
   568                           ;led999.c: 35: RC1=0;
   569  0796  1087               	bcf	(57/8),(57)&7
   570                           	line	36
   571                           	
   572  0797                     l1982:	
   573                           ;led999.c: 36: RC2=1;
   574  0797  1507               	bsf	(58/8),(58)&7
   575                           	line	37
   576                           	
   577  0798                     l1984:	
   578                           ;led999.c: 37: PORTD=a[i];
   579  0798  082C               	movf	(main@i),w
   580  0799  3E20               	addlw	main@a&0ffh
   581  079A  0084               	movwf	fsr0
   582  079B  1383               	bcf	status, 7	;select IRP bank0
   583  079C  0800               	movf	indf,w
   584  079D  0088               	movwf	(8)	;volatile
   585                           	line	38
   586                           	
   587  079E                     l1986:	
   588                           ;led999.c: 38: delay();
   589  079E  120A  118A  26E3   	fcall	_delay
              120A  118A         
   590                           	line	22
   591                           	
   592  07A3                     l1988:	
   593  07A3  3001               	movlw	low(01h)
   594  07A4  1283               	bcf	status, 5	;RP0=0, select bank0
   595  07A5  1303               	bcf	status, 6	;RP1=0, select bank0
   596  07A6  07AA               	addwf	(main@l),f
   597  07A7  1803               	skipnc
   598  07A8  0AAB               	incf	(main@l+1),f
   599  07A9  3000               	movlw	high(01h)
   600  07AA  07AB               	addwf	(main@l+1),f
   601                           	
   602  07AB                     l1990:	
   603  07AB  082B               	movf	(main@l+1),w
   604  07AC  3A80               	xorlw	80h
   605  07AD  00FF               	movwf	btemp+1
   606  07AE  3080               	movlw	(high(0Ah))^80h
   607  07AF  027F               	subwf	btemp+1,w
   608  07B0  1D03               	skipz
   609  07B1  2FB4               	goto	u2325
   610  07B2  300A               	movlw	low(0Ah)
   611  07B3  022A               	subwf	(main@l),w
   612  07B4                     u2325:
   613                           
   614  07B4  1C03               	skipc
   615  07B5  2FB7               	goto	u2321
   616  07B6  2FB8               	goto	u2320
   617  07B7                     u2321:
   618  07B7  2F73               	goto	l696
   619  07B8                     u2320:
   620  07B8  2FB9               	goto	l1992
   621                           	
   622  07B9                     l697:	
   623                           	line	21
   624                           	
   625  07B9                     l1992:	
   626  07B9  3001               	movlw	low(01h)
   627  07BA  1283               	bcf	status, 5	;RP0=0, select bank0
   628  07BB  1303               	bcf	status, 6	;RP1=0, select bank0
   629  07BC  07B0               	addwf	(main@k),f
   630  07BD  1803               	skipnc
   631  07BE  0AB1               	incf	(main@k+1),f
   632  07BF  3000               	movlw	high(01h)
   633  07C0  07B1               	addwf	(main@k+1),f
   634                           	
   635  07C1                     l1994:	
   636  07C1  0831               	movf	(main@k+1),w
   637  07C2  3A80               	xorlw	80h
   638  07C3  00FF               	movwf	btemp+1
   639  07C4  3080               	movlw	(high(0Bh))^80h
   640  07C5  027F               	subwf	btemp+1,w
   641  07C6  1D03               	skipz
   642  07C7  2FCA               	goto	u2335
   643  07C8  300B               	movlw	low(0Bh)
   644  07C9  0230               	subwf	(main@k),w
   645  07CA                     u2335:
   646                           
   647  07CA  1C03               	skipc
   648  07CB  2FCD               	goto	u2331
   649  07CC  2FCE               	goto	u2330
   650  07CD                     u2331:
   651  07CD  2F60               	goto	l1960
   652  07CE                     u2330:
   653  07CE  2FCF               	goto	l1996
   654                           	
   655  07CF                     l695:	
   656                           	line	20
   657                           	
   658  07CF                     l1996:	
   659  07CF  3001               	movlw	low(01h)
   660  07D0  1283               	bcf	status, 5	;RP0=0, select bank0
   661  07D1  1303               	bcf	status, 6	;RP1=0, select bank0
   662  07D2  07AE               	addwf	(main@j),f
   663  07D3  1803               	skipnc
   664  07D4  0AAF               	incf	(main@j+1),f
   665  07D5  3000               	movlw	high(01h)
   666  07D6  07AF               	addwf	(main@j+1),f
   667                           	
   668  07D7                     l1998:	
   669  07D7  082F               	movf	(main@j+1),w
   670  07D8  3A80               	xorlw	80h
   671  07D9  00FF               	movwf	btemp+1
   672  07DA  3080               	movlw	(high(0Ah))^80h
   673  07DB  027F               	subwf	btemp+1,w
   674  07DC  1D03               	skipz
   675  07DD  2FE0               	goto	u2345
   676  07DE  300A               	movlw	low(0Ah)
   677  07DF  022E               	subwf	(main@j),w
   678  07E0                     u2345:
   679                           
   680  07E0  1C03               	skipc
   681  07E1  2FE3               	goto	u2341
   682  07E2  2FE4               	goto	u2340
   683  07E3                     u2341:
   684  07E3  2F4D               	goto	l1954
   685  07E4                     u2340:
   686  07E4  2FE5               	goto	l2000
   687                           	
   688  07E5                     l693:	
   689                           	line	19
   690                           	
   691  07E5                     l2000:	
   692  07E5  3001               	movlw	low(01h)
   693  07E6  1283               	bcf	status, 5	;RP0=0, select bank0
   694  07E7  1303               	bcf	status, 6	;RP1=0, select bank0
   695  07E8  07AC               	addwf	(main@i),f
   696  07E9  1803               	skipnc
   697  07EA  0AAD               	incf	(main@i+1),f
   698  07EB  3000               	movlw	high(01h)
   699  07EC  07AD               	addwf	(main@i+1),f
   700                           	
   701  07ED                     l2002:	
   702  07ED  082D               	movf	(main@i+1),w
   703  07EE  3A80               	xorlw	80h
   704  07EF  00FF               	movwf	btemp+1
   705  07F0  3080               	movlw	(high(0Ah))^80h
   706  07F1  027F               	subwf	btemp+1,w
   707  07F2  1D03               	skipz
   708  07F3  2FF6               	goto	u2355
   709  07F4  300A               	movlw	low(0Ah)
   710  07F5  022C               	subwf	(main@i),w
   711  07F6                     u2355:
   712                           
   713  07F6  1C03               	skipc
   714  07F7  2FF9               	goto	u2351
   715  07F8  2FFA               	goto	u2350
   716  07F9                     u2351:
   717  07F9  2F3A               	goto	l1948
   718  07FA                     u2350:
   719  07FA  2F27               	goto	l1942
   720                           	
   721  07FB                     l691:	
   722  07FB  2F27               	goto	l1942
   723                           	line	40
   724                           	
   725  07FC                     l698:	
   726                           	line	17
   727  07FC  2F27               	goto	l1942
   728                           	
   729  07FD                     l699:	
   730                           	line	41
   731                           	
   732  07FD                     l700:	
   733                           	global	start
   734  07FD  120A  118A  2800   	ljmp	start
   735                           	opt stack 0
   736                           GLOBAL	__end_of_main
   737  0800                     	__end_of_main:
   738 ;; =============== function _main ends ============
   739                           
   740                           	signat	_main,90
   741                           	global	_delay
   742                           psect	text73,local,class=CODE,delta=2
   743                           global __ptext73
   744  06E3                     __ptext73:
   745                           
   746 ;; *************** function _delay *****************
   747 ;; Defined at:
   748 ;;		line 43 in file "C:\Users\kaVi_aBi\Desktop\New folder\embedded c\led999.c"
   749 ;; Parameters:    Size  Location     Type
   750 ;;		None
   751 ;; Auto vars:     Size  Location     Type
   752 ;;  j               2    0[COMMON] int 
   753 ;; Return value:  Size  Location     Type
   754 ;;		None               void
   755 ;; Registers used:
   756 ;;		wreg, btemp+1
   757 ;; Tracked objects:
   758 ;;		On entry : 0/0
   759 ;;		On exit  : 0/0
   760 ;;		Unchanged: 0/0
   761 ;; Data sizes:     COMMON   BANK0   BANK1   BANK3   BANK2
   762 ;;      Params:         0       0       0       0       0
   763 ;;      Locals:         2       0       0       0       0
   764 ;;      Temps:          0       0       0       0       0
   765 ;;      Totals:         2       0       0       0       0
   766 ;;Total ram usage:        2 bytes
   767 ;; Hardware stack levels used:    1
   768 ;; This function calls:
   769 ;;		Nothing
   770 ;; This function is called by:
   771 ;;		_main
   772 ;; This function uses a non-reentrant model
   773 ;;
   774                           psect	text73
   775                           	file	"C:\Users\kaVi_aBi\Desktop\New folder\embedded c\led999.c"
   776                           	line	43
   777                           	global	__size_of_delay
   778  0028                     	__size_of_delay	equ	__end_of_delay-_delay
   779                           	
   780  06E3                     _delay:	
   781                           	opt	stack 7
   782                           ; Regs used in _delay: [wreg+btemp+1]
   783                           	line	44
   784                           	
   785  06E3                     l1922:	
   786                           ;led999.c: 44: for(int j=-1000; j<1000; j++);
   787  06E3  3018               	movlw	low(-1000)
   788  06E4  00F0               	movwf	(delay@j)
   789  06E5  30FC               	movlw	high(-1000)
   790  06E6  00F1               	movwf	((delay@j))+1
   791                           	
   792  06E7                     l1924:	
   793  06E7  0871               	movf	(delay@j+1),w
   794  06E8  3A80               	xorlw	80h
   795  06E9  00FF               	movwf	btemp+1
   796  06EA  3083               	movlw	(high(03E8h))^80h
   797  06EB  027F               	subwf	btemp+1,w
   798  06EC  1D03               	skipz
   799  06ED  2EF0               	goto	u2255
   800  06EE  30E8               	movlw	low(03E8h)
   801  06EF  0270               	subwf	(delay@j),w
   802  06F0                     u2255:
   803                           
   804  06F0  1C03               	skipc
   805  06F1  2EF3               	goto	u2251
   806  06F2  2EF4               	goto	u2250
   807  06F3                     u2251:
   808  06F3  2EF6               	goto	l1928
   809  06F4                     u2250:
   810  06F4  2F0A               	goto	l705
   811                           	
   812  06F5                     l1926:	
   813  06F5  2F0A               	goto	l705
   814                           	
   815  06F6                     l703:	
   816                           	
   817  06F6                     l1928:	
   818  06F6  3001               	movlw	low(01h)
   819  06F7  07F0               	addwf	(delay@j),f
   820  06F8  1803               	skipnc
   821  06F9  0AF1               	incf	(delay@j+1),f
   822  06FA  3000               	movlw	high(01h)
   823  06FB  07F1               	addwf	(delay@j+1),f
   824                           	
   825  06FC                     l1930:	
   826  06FC  0871               	movf	(delay@j+1),w
   827  06FD  3A80               	xorlw	80h
   828  06FE  00FF               	movwf	btemp+1
   829  06FF  3083               	movlw	(high(03E8h))^80h
   830  0700  027F               	subwf	btemp+1,w
   831  0701  1D03               	skipz
   832  0702  2F05               	goto	u2265
   833  0703  30E8               	movlw	low(03E8h)
   834  0704  0270               	subwf	(delay@j),w
   835  0705                     u2265:
   836                           
   837  0705  1C03               	skipc
   838  0706  2F08               	goto	u2261
   839  0707  2F09               	goto	u2260
   840  0708                     u2261:
   841  0708  2EF6               	goto	l1928
   842  0709                     u2260:
   843  0709  2F0A               	goto	l705
   844                           	
   845  070A                     l704:	
   846                           	line	45
   847                           	
   848  070A                     l705:	
   849  070A  0008               	return
   850                           	opt stack 0
   851                           GLOBAL	__end_of_delay
   852  070B                     	__end_of_delay:
   853 ;; =============== function _delay ends ============
   854                           
   855                           	signat	_delay,88
   856                           psect	text74,local,class=CODE,delta=2
   857                           global __ptext74
   858  0000                     __ptext74:
   859                           	global	btemp
   860  007E                     	btemp set 07Eh
   861                           
   862                           	DABS	1,126,2	;btemp
   863                           	global	wtemp0
   864  007E                     	wtemp0 set btemp


HI-TECH Software PICC Macro Assembler V9.81 build 7503 
Symbol Table                                                                                   Wed Aug 21 12:35:49 2019

                   pc 0002                    fsr 0004                   l700 07FD                   l703 06F6  
                 l704 070A                   l705 070A                   l690 073A                   l691 07FB  
                 l692 074D                   l693 07E5                   l694 0760                   l695 07CF  
                 l696 0773                   l697 07B9                   l689 0727                   l698 07FC  
                 l699 07FD                   _RC0 0038                   _RC1 0039                   _RC2 003A  
                 fsr0 0004                   indf 0000                  l2000 07E5                  l2002 07ED  
                l1930 06FC                  l1922 06E3                  l1924 06E7                  l1940 0711  
                l1932 070B                  l1926 06F5                  l1950 073E                  l1942 0727  
                l1934 070E                  l1928 06F6                  l1960 0760                  l1952 074C  
                l1944 072B                  l1936 070F                  l1970 0783                  l1962 0764  
                l1954 074D                  l1946 0739                  l1938 0710                  l1980 0796  
                l1972 0786                  l1964 0772                  l1956 0751                  l1948 073A  
                l1990 07AB                  l1982 0797                  l1974 0787                  l1966 0778  
                l1958 075F                  l1984 0798                  l1976 0788                  l1968 077E  
                l1992 07B9                  l1994 07C1                  l1986 079E                  l1978 0793  
                l1988 07A3                  l1996 07CF                  l1998 07D7                  u2300 075E  
                u2301 075D                  u2310 0771                  u2311 0770                  u2320 07B8  
                u2321 07B7                  u2305 075A                  u2250 06F4                  u2330 07CE  
                u2251 06F3                  u2331 07CD                  u2315 076D                  u2260 0709  
                u2340 07E4                  u2261 0708                  u2341 07E3                  u2325 07B4  
                u2350 07FA                  u2270 0719                  u2255 06F0                  u2351 07F9  
                u2335 07CA                  u2280 0738                  u2265 0705                  u2345 07E0  
                u2281 0737                  u2290 074B                  u2355 07F6                  u2291 074A  
                u2285 0734                  u2295 0747                  _main 070B                  btemp 007E  
                start 0000                 ?_main 0070                 _PORTD 0008                 _TRISD 0088  
               _delay 06E3                 main@a 0020                 main@i 002C                 main@j 002E  
               main@k 0030                 main@l 002A                 pclath 000A                 status 0003  
               wtemp0 007E          __end_of_main 0800                ??_main 0072                ?_delay 0070  
              _TRISC0 0438                _TRISC1 0439                _TRISC2 043A                delay@j 0070  
      __pcstackCOMMON 0070          __pidataBANK0 06B6         __end_of_delay 070B               ??_delay 0070  
          __pmaintext 070B  end_of_initialization 06DF               init_ram 06C4   start_initialization 06D1  
         __pdataBANK0 0032         __pcstackBANK0 0020        __size_of_delay 0028             main@F1093 0032  
           init_fetch 06C0              __ptext73 06E3              __ptext74 0000         __size_of_main 00F5  
